--------- beginning of /dev/log/main
D/dalvikvm(23226): GC_FOR_ALLOC freed 220K, 29% free 9907K/13904K, paused 8ms, total 8ms
D/dalvikvm(23226): GC_FOR_ALLOC freed 1675K, 29% free 9904K/13904K, paused 8ms, total 8ms
--------- beginning of /dev/log/system
D/MobileDataStateTracker(23226): default: setPolicyDataEnable(enabled=true)
I/ActivityManager(23226): START u0 {act=com.android.systemui.recent.action.TOGGLE_RECENTS flg=0x10800000 cmp=com.android.systemui/.recent.RecentsActivity (has extras)} from pid 23289
D/dalvikvm(23226): GC_FOR_ALLOC freed 850K, 23% free 10743K/13904K, paused 12ms, total 12ms
W/EGL_genymotion(23289): eglSurfaceAttrib not implemented
I/ActivityManager(23226): Displayed com.android.systemui/.recent.RecentsActivity: +102ms
E/EGL_genymotion( 2852): egl: current context mark for deletion
D/MobileDataStateTracker(23226): default: setPolicyDataEnable(enabled=true)
I/InputDispatcher(23226): Dropping event because there is no touchable window at (-89, 1843).
D/dalvikvm(23226): GC_FOR_ALLOC freed 1793K, 29% free 9916K/13904K, paused 7ms, total 7ms
I/ActivityManager(23226): Killing 2852:com.yanshi.my36kr/u0a58 (adj 9): remove task
D/MobileDataStateTracker(23226): default: setPolicyDataEnable(enabled=true)
W/InputDispatcher(23226): channel '52a1e3fc com.yanshi.my36kr/com.yanshi.my36kr.activity.MainActivity (server)' ~ Consumer closed input channel or an error occurred.  events=0x9
E/InputDispatcher(23226): channel '52a1e3fc com.yanshi.my36kr/com.yanshi.my36kr.activity.MainActivity (server)' ~ Channel is unrecoverably broken and will be disposed!
W/InputDispatcher(23226): Attempted to unregister already unregistered input channel '52a1e3fc com.yanshi.my36kr/com.yanshi.my36kr.activity.MainActivity (server)'
I/WindowState(23226): WIN DEATH: Window{52a1e3fc u0 com.yanshi.my36kr/com.yanshi.my36kr.activity.MainActivity}
W/EGL_genymotion(23429): eglSurfaceAttrib not implemented
D/dalvikvm(23226): GC_FOR_ALLOC freed 3384K, 41% free 8233K/13904K, paused 7ms, total 7ms
D/MobileDataStateTracker(23226): default: setPolicyDataEnable(enabled=true)
D/dalvikvm(23289): GC_EXPLICIT freed 3219K, 19% free 22225K/27200K, paused 1ms+1ms, total 7ms
D/MobileDataStateTracker(23226): default: setPolicyDataEnable(enabled=true)
D/MobileDataStateTracker(23226): default: setPolicyDataEnable(enabled=true)
I/InputDispatcher(23226): Dropping event because there is no touchable window at (-89, 1843).
I/ActivityManager(23226): START u0 {act=android.intent.action.MAIN cat=[android.intent.category.LAUNCHER] flg=0x10200000 cmp=com.yanshi.my36kr/.activity.SplashActivity} from pid 23429
W/genymotion_audio(22906): out_write() limiting sleep time 116462 to 39909
W/genymotion_audio(22906): out_write() limiting sleep time 86371 to 39909
W/genymotion_audio(22906): out_write() limiting sleep time 55850 to 39909
D/dalvikvm(23226): GC_FOR_ALLOC freed 1062K, 41% free 8258K/13904K, paused 7ms, total 7ms
D/MobileDataStateTracker(23226): default: setPolicyDataEnable(enabled=true)
W/genymotion_audio(22906): out_write() limiting sleep time 40634 to 39909
D/dalvikvm( 4283): Late-enabling CheckJNI
I/ActivityManager(23226): Start proc com.yanshi.my36kr for activity com.yanshi.my36kr/.activity.SplashActivity: pid=4283 uid=10058 gids={50058, 3003, 1028, 1015}
E/jdwp    ( 4283): Failed writing handshake bytes: Broken pipe (-1 of 14)
D/dalvikvm( 4283): Debugger has detached; object registry had 0 entries
I/dalvikvm( 4283): Could not find method android.content.Context.getSystemService, referenced from method com.yanshi.my36kr.MyApplication.access$super
W/dalvikvm( 4283): VFY: unable to resolve virtual method 674: Landroid/content/Context;.getSystemService (Ljava/lang/Class;)Ljava/lang/Object;
D/dalvikvm( 4283): VFY: replacing opcode 0x6f at 0x0035
I/dalvikvm( 4283): Could not find method android.content.Context.getColorStateList, referenced from method com.yanshi.my36kr.MyApplication.access$super
W/dalvikvm( 4283): VFY: unable to resolve virtual method 653: Landroid/content/Context;.getColorStateList (I)Landroid/content/res/ColorStateList;
D/dalvikvm( 4283): VFY: replacing opcode 0x6f at 0x004f
I/dalvikvm( 4283): Could not find method android.content.ContextWrapper.getCodeCacheDir, referenced from method com.yanshi.my36kr.MyApplication.access$super
W/dalvikvm( 4283): VFY: unable to resolve virtual method 727: Landroid/content/ContextWrapper;.getCodeCacheDir ()Ljava/io/File;
D/dalvikvm( 4283): VFY: replacing opcode 0x6f at 0x00b7
I/dalvikvm( 4283): Could not find method android.content.ContextWrapper.getNoBackupFilesDir, referenced from method com.yanshi.my36kr.MyApplication.access$super
W/dalvikvm( 4283): VFY: unable to resolve virtual method 739: Landroid/content/ContextWrapper;.getNoBackupFilesDir ()Ljava/io/File;
D/dalvikvm( 4283): VFY: replacing opcode 0x6f at 0x01b4
I/dalvikvm( 4283): Could not find method android.content.Context.getDrawable, referenced from method com.yanshi.my36kr.MyApplication.access$super
W/dalvikvm( 4283): VFY: unable to resolve virtual method 657: Landroid/content/Context;.getDrawable (I)Landroid/graphics/drawable/Drawable;
D/dalvikvm( 4283): VFY: replacing opcode 0x6f at 0x02dd
I/dalvikvm( 4283): Could not find method android.content.ContextWrapper.getSystemServiceName, referenced from method com.yanshi.my36kr.MyApplication.access$super
W/dalvikvm( 4283): VFY: unable to resolve virtual method 749: Landroid/content/ContextWrapper;.getSystemServiceName (Ljava/lang/Class;)Ljava/lang/String;
D/dalvikvm( 4283): VFY: replacing opcode 0x6f at 0x0386
I/dalvikvm( 4283): Could not find method android.content.ContextWrapper.getExternalMediaDirs, referenced from method com.yanshi.my36kr.MyApplication.access$super
W/dalvikvm( 4283): VFY: unable to resolve virtual method 735: Landroid/content/ContextWrapper;.getExternalMediaDirs ()[Ljava/io/File;
D/dalvikvm( 4283): VFY: replacing opcode 0x6f at 0x03d5
I/dalvikvm( 4283): Could not find method android.content.Context.getColor, referenced from method com.yanshi.my36kr.MyApplication.access$super
W/dalvikvm( 4283): VFY: unable to resolve virtual method 652: Landroid/content/Context;.getColor (I)I
D/dalvikvm( 4283): VFY: replacing opcode 0x6f at 0x04e6
I/dalvikvm( 4283): Could not find method android.content.ContextWrapper.checkSelfPermission, referenced from method com.yanshi.my36kr.MyApplication.access$super
W/dalvikvm( 4283): VFY: unable to resolve virtual method 703: Landroid/content/ContextWrapper;.checkSelfPermission (Ljava/lang/String;)I
D/dalvikvm( 4283): VFY: replacing opcode 0x6f at 0x065c
I/stetho  ( 4283): Listening on @stetho_com.yanshi.my36kr_devtools_remote
W/ImageLoader( 4283): memoryCache() and memoryCacheSize() calls overlap each other
E/EGL_genymotion(23429): egl: current context mark for deletion
I/dalvikvm( 4283): Could not find method android.content.Context.getSystemService, referenced from method com.yanshi.my36kr.activity.SplashActivity.access$super
W/dalvikvm( 4283): VFY: unable to resolve virtual method 674: Landroid/content/Context;.getSystemService (Ljava/lang/Class;)Ljava/lang/Object;
D/dalvikvm( 4283): VFY: replacing opcode 0x6f at 0x004b
I/dalvikvm( 4283): Could not find method android.app.Activity.stopLockTask, referenced from method com.yanshi.my36kr.activity.SplashActivity.access$super
W/dalvikvm( 4283): VFY: unable to resolve virtual method 278: Landroid/app/Activity;.stopLockTask ()V
D/dalvikvm( 4283): VFY: replacing opcode 0x6f at 0x00b9
E/dalvikvm( 4283): Could not find class 'android.os.PersistableBundle', referenced from method com.yanshi.my36kr.activity.SplashActivity.access$super
W/dalvikvm( 4283): VFY: unable to resolve check-cast 289 (Landroid/os/PersistableBundle;) in Lcom/yanshi/my36kr/activity/SplashActivity;
D/dalvikvm( 4283): VFY: replacing opcode 0x1f at 0x00f1
I/dalvikvm( 4283): Could not find method android.content.Context.getColorStateList, referenced from method com.yanshi.my36kr.activity.SplashActivity.access$super
W/dalvikvm( 4283): VFY: unable to resolve virtual method 653: Landroid/content/Context;.getColorStateList (I)Landroid/content/res/ColorStateList;
D/dalvikvm( 4283): VFY: replacing opcode 0x6f at 0x0101
I/dalvikvm( 4283): Could not find method android.app.Activity.onVisibleBehindCanceled, referenced from method com.yanshi.my36kr.activity.SplashActivity.access$super
W/dalvikvm( 4283): VFY: unable to resolve virtual method 198: Landroid/app/Activity;.onVisibleBehindCanceled ()V
D/dalvikvm( 4283): VFY: replacing opcode 0x6f at 0x0111
I/dalvikvm( 4283): Could not find method android.app.Activity.onWindowStartingActionMode, referenced from method com.yanshi.my36kr.activity.SplashActivity.access$super
W/dalvikvm( 4283): VFY: unable to resolve virtual method 202: Landroid/app/Activity;.onWindowStartingActionMode (Landroid/view/ActionMode$Callback;I)Landroid/view/ActionMode;
D/dalvikvm( 4283): VFY: replacing opcode 0x6f at 0x0137
E/dalvikvm( 4283): Could not find class 'android.os.PersistableBundle', referenced from method com.yanshi.my36kr.activity.SplashActivity.access$super
W/dalvikvm( 4283): VFY: unable to resolve check-cast 289 (Landroid/os/PersistableBundle;) in Lcom/yanshi/my36kr/activity/SplashActivity;
D/dalvikvm( 4283): VFY: replacing opcode 0x1f at 0x019a
E/dalvikvm( 4283): Could not find class 'android.media.session.MediaController', referenced from method com.yanshi.my36kr.activity.SplashActivity.access$super
W/dalvikvm( 4283): VFY: unable to resolve check-cast 237 (Landroid/media/session/MediaController;) in Lcom/yanshi/my36kr/activity/SplashActivity;
D/dalvikvm( 4283): VFY: replacing opcode 0x1f at 0x01b2
E/dalvikvm( 4283): Could not find class 'android.widget.Toolbar', referenced from method com.yanshi.my36kr.activity.SplashActivity.access$super
W/dalvikvm( 4283): VFY: unable to resolve check-cast 2453 (Landroid/widget/Toolbar;) in Lcom/yanshi/my36kr/activity/SplashActivity;
D/dalvikvm( 4283): VFY: replacing opcode 0x1f at 0x01bc
I/dalvikvm( 4283): Could not find method android.app.Activity.releaseInstance, referenced from method com.yanshi.my36kr.activity.SplashActivity.access$super
W/dalvikvm( 4283): VFY: unable to resolve virtual method 209: Landroid/app/Activity;.releaseInstance ()Z
D/dalvikvm( 4283): VFY: replacing opcode 0x6f at 0x02ef
I/dalvikvm( 4283): Could not find method android.app.Activity.onActivityReenter, referenced from method com.yanshi.my36kr.activity.SplashActivity.access$super
W/dalvikvm( 4283): VFY: unable to resolve virtual method 141: Landroid/app/Activity;.onActivityReenter (ILandroid/content/Intent;)V
D/dalvikvm( 4283): VFY: replacing opcode 0x6f at 0x0306
I/dalvikvm( 4283): Could not find method android.content.ContextWrapper.getCodeCacheDir, referenced from method com.yanshi.my36kr.activity.SplashActivity.access$super
W/dalvikvm( 4283): VFY: unable to resolve virtual method 727: Landroid/content/ContextWrapper;.getCodeCacheDir ()Ljava/io/File;
D/dalvikvm( 4283): VFY: replacing opcode 0x6f at 0x0375
I/dalvikvm( 4283): DexOpt: illegal method access (call Landroid/support/v4/app/FragmentActivity;.dispatchFragmentsOnCreateView (Landroid/view/View;Ljava/lang/String;Landroid/content/Context;Landroid/util/AttributeSet;)Landroid/view/View; from Lcom/yanshi/my36kr/activity/SplashActivity;)
I/dalvikvm( 4283): Could not find method android.support.v4.app.FragmentActivity.dispatchFragmentsOnCreateView, referenced from method com.yanshi.my36kr.activity.SplashActivity.access$super
W/dalvikvm( 4283): VFY: unable to resolve virtual method 4660: Landroid/support/v4/app/FragmentActivity;.dispatchFragmentsOnCreateView (Landroid/view/View;Ljava/lang/String;Landroid/content/Context;Landroid/util/AttributeSet;)Landroid/view/View;
D/dalvikvm( 4283): VFY: replacing opcode 0x6f at 0x045e
I/dalvikvm( 4283): Could not find method android.app.Activity.getVoiceInteractor, referenced from method com.yanshi.my36kr.activity.SplashActivity.access$super
W/dalvikvm( 4283): VFY: unable to resolve virtual method 120: Landroid/app/Activity;.getVoiceInteractor ()Landroid/app/VoiceInteractor;
D/dalvikvm( 4283): VFY: replacing opcode 0x6f at 0x04bc
E/dalvikvm( 4283): Could not find class 'android.app.ActivityManager$TaskDescription', referenced from method com.yanshi.my36kr.activity.SplashActivity.access$super
W/dalvikvm( 4283): VFY: unable to resolve check-cast 33 (Landroid/app/ActivityManager$TaskDescription;) in Lcom/yanshi/my36kr/activity/SplashActivity;
D/dalvikvm( 4283): VFY: replacing opcode 0x1f at 0x0587
I/dalvikvm( 4283): Could not find method android.app.Activity.startActionMode, referenced from method com.yanshi.my36kr.activity.SplashActivity.access$super
W/dalvikvm( 4283): VFY: unable to resolve virtual method 253: Landroid/app/Activity;.startActionMode (Landroid/view/ActionMode$Callback;I)Landroid/view/ActionMode;
D/dalvikvm( 4283): VFY: replacing opcode 0x6f at 0x05c2
I/dalvikvm( 4283): Could not find method android.app.Activity.showAssist, referenced from method com.yanshi.my36kr.activity.SplashActivity.access$super
W/dalvikvm( 4283): VFY: unable to resolve virtual method 248: Landroid/app/Activity;.showAssist (Landroid/os/Bundle;)Z
D/dalvikvm( 4283): VFY: replacing opcode 0x6f at 0x0604
I/dalvikvm( 4283): Could not find method android.app.Activity.postponeEnterTransition, referenced from method com.yanshi.my36kr.activity.SplashActivity.access$super
W/dalvikvm( 4283): VFY: unable to resolve virtual method 206: Landroid/app/Activity;.postponeEnterTransition ()V
D/dalvikvm( 4283): VFY: replacing opcode 0x6f at 0x060f
I/dalvikvm( 4283): Could not find method android.content.ContextWrapper.getNoBackupFilesDir, referenced from method com.yanshi.my36kr.activity.SplashActivity.access$super
W/dalvikvm( 4283): VFY: unable to resolve virtual method 739: Landroid/content/ContextWrapper;.getNoBackupFilesDir ()Ljava/io/File;
D/dalvikvm( 4283): VFY: replacing opcode 0x6f at 0x069e
I/dalvikvm( 4283): Could not find method android.app.Activity.requestPermissions, referenced from method com.yanshi.my36kr.activity.SplashActivity.access$super
W/dalvikvm( 4283): VFY: unable to resolve virtual method 212: Landroid/app/Activity;.requestPermissions ([Ljava/lang/String;I)V
D/dalvikvm( 4283): VFY: replacing opcode 0x6f at 0x07b3
E/dalvikvm( 4283): Could not find class 'android.app.SharedElementCallback', referenced from method com.yanshi.my36kr.activity.SplashActivity.access$super
W/dalvikvm( 4283): VFY: unable to resolve check-cast 71 (Landroid/app/SharedElementCallback;) in Lcom/yanshi/my36kr/activity/SplashActivity;
D/dalvikvm( 4283): VFY: replacing opcode 0x1f at 0x07cd
E/dalvikvm( 4283): Could not find class 'android.os.PersistableBundle', referenced from method com.yanshi.my36kr.activity.SplashActivity.access$super
W/dalvikvm( 4283): VFY: unable to resolve check-cast 289 (Landroid/os/PersistableBundle;) in Lcom/yanshi/my36kr/activity/SplashActivity;
D/dalvikvm( 4283): VFY: replacing opcode 0x1f at 0x0814
W/dalvikvm( 4283): DexOpt: resolve class illegal access: Lcom/yanshi/my36kr/activity/SplashActivity; -> Landroid/support/v4/app/BaseFragmentActivityDonut;
I/dalvikvm( 4283): Could not find method android.support.v4.app.BaseFragmentActivityDonut.onCreateView, referenced from method com.yanshi.my36kr.activity.SplashActivity.access$super
W/dalvikvm( 4283): VFY: unable to resolve virtual method 4436: Landroid/support/v4/app/BaseFragmentActivityDonut;.onCreateView (Ljava/lang/String;Landroid/content/Context;Landroid/util/AttributeSet;)Landroid/view/View;
D/dalvikvm( 4283): VFY: replacing opcode 0x6f at 0x0858
I/dalvikvm( 4283): Could not find method android.app.Activity.setContentTransitionManager, referenced from method com.yanshi.my36kr.activity.SplashActivity.access$super
W/dalvikvm( 4283): VFY: unable to resolve virtual method 217: Landroid/app/Activity;.setContentTransitionManager (Landroid/transition/TransitionManager;)V
D/dalvikvm( 4283): VFY: replacing opcode 0x6f at 0x096c
I/dalvikvm( 4283): Could not find method android.app.Activity.onProvideReferrer, referenced from method com.yanshi.my36kr.activity.SplashActivity.access$super
W/dalvikvm( 4283): VFY: unable to resolve virtual method 182: Landroid/app/Activity;.onProvideReferrer ()Landroid/net/Uri;
D/dalvikvm( 4283): VFY: replacing opcode 0x6f at 0x09aa
I/dalvikvm( 4283): DexOpt: illegal method access (call Landroid/support/v4/app/FragmentActivity;.doReallyStop (Z)V from Lcom/yanshi/my36kr/activity/SplashActivity;)
I/dalvikvm( 4283): Could not find method android.support.v4.app.FragmentActivity.doReallyStop, referenced from method com.yanshi.my36kr.activity.SplashActivity.access$super
W/dalvikvm( 4283): VFY: unable to resolve virtual method 4662: Landroid/support/v4/app/FragmentActivity;.doReallyStop (Z)V
D/dalvikvm( 4283): VFY: replacing opcode 0x6f at 0x09d7
I/dalvikvm( 4283): Could not find method android.content.Context.getDrawable, referenced from method com.yanshi.my36kr.activity.SplashActivity.access$super
W/dalvikvm( 4283): VFY: unable to resolve virtual method 657: Landroid/content/Context;.getDrawable (I)Landroid/graphics/drawable/Drawable;
D/dalvikvm( 4283): VFY: replacing opcode 0x6f at 0x0a21
I/dalvikvm( 4283): Could not find method android.app.Activity.showLockTaskEscapeMessage, referenced from method com.yanshi.my36kr.activity.SplashActivity.access$super
W/dalvikvm( 4283): VFY: unable to resolve virtual method 251: Landroid/app/Activity;.showLockTaskEscapeMessage ()V
D/dalvikvm( 4283): VFY: replacing opcode 0x6f at 0x0a31
I/dalvikvm( 4283): Could not find method android.app.Activity.getContentTransitionManager, referenced from method com.yanshi.my36kr.activity.SplashActivity.access$super
W/dalvikvm( 4283): VFY: unable to resolve virtual method 94: Landroid/app/Activity;.getContentTransitionManager ()Landroid/transition/TransitionManager;
D/dalvikvm( 4283): VFY: replacing opcode 0x6f at 0x0a37
E/dalvikvm( 4283): Could not find class 'android.app.SharedElementCallback', referenced from method com.yanshi.my36kr.activity.SplashActivity.access$super
W/dalvikvm( 4283): VFY: unable to resolve check-cast 71 (Landroid/app/SharedElementCallback;) in Lcom/yanshi/my36kr/activity/SplashActivity;
D/dalvikvm( 4283): VFY: replacing opcode 0x1f at 0x0af3
I/dalvikvm( 4283): Could not find method android.app.Activity.getReferrer, referenced from method com.yanshi.my36kr.activity.SplashActivity.access$super
W/dalvikvm( 4283): VFY: unable to resolve virtual method 109: Landroid/app/Activity;.getReferrer ()Landroid/net/Uri;
D/dalvikvm( 4283): VFY: replacing opcode 0x6f at 0x0b67
I/dalvikvm( 4283): Could not find method android.content.ContextWrapper.getSystemServiceName, referenced from method com.yanshi.my36kr.activity.SplashActivity.access$super
W/dalvikvm( 4283): VFY: unable to resolve virtual method 749: Landroid/content/ContextWrapper;.getSystemServiceName (Ljava/lang/Class;)Ljava/lang/String;
D/dalvikvm( 4283): VFY: replacing opcode 0x6f at 0x0be4
I/dalvikvm( 4283): Could not find method android.app.Activity.isVoiceInteractionRoot, referenced from method com.yanshi.my36kr.activity.SplashActivity.access$super
W/dalvikvm( 4283): VFY: unable to resolve virtual method 133: Landroid/app/Activity;.isVoiceInteractionRoot ()Z
D/dalvikvm( 4283): VFY: replacing opcode 0x6f at 0x0c0c
I/dalvikvm( 4283): Could not find method android.content.ContextWrapper.getExternalMediaDirs, referenced from method com.yanshi.my36kr.activity.SplashActivity.access$super
W/dalvikvm( 4283): VFY: unable to resolve virtual method 735: Landroid/content/ContextWrapper;.getExternalMediaDirs ()[Ljava/io/File;
D/dalvikvm( 4283): VFY: replacing opcode 0x6f at 0x0c94
I/dalvikvm( 4283): Could not find method android.app.Activity.getMediaController, referenced from method com.yanshi.my36kr.activity.SplashActivity.access$super
W/dalvikvm( 4283): VFY: unable to resolve virtual method 103: Landroid/app/Activity;.getMediaController ()Landroid/media/session/MediaController;
D/dalvikvm( 4283): VFY: replacing opcode 0x6f at 0x0cd8
I/dalvikvm( 4283): Could not find method android.app.Activity.getSearchEvent, referenced from method com.yanshi.my36kr.activity.SplashActivity.access$super
W/dalvikvm( 4283): VFY: unable to resolve virtual method 112: Landroid/app/Activity;.getSearchEvent ()Landroid/view/SearchEvent;
D/dalvikvm( 4283): VFY: replacing opcode 0x6f at 0x0d57
I/dalvikvm( 4283): DexOpt: illegal method access (call Landroid/support/v4/app/FragmentActivity;.onReallyStop ()V from Lcom/yanshi/my36kr/activity/SplashActivity;)
I/dalvikvm( 4283): Could not find method android.support.v4.app.FragmentActivity.onReallyStop, referenced from method com.yanshi.my36kr.activity.SplashActivity.access$super
W/dalvikvm( 4283): VFY: unable to resolve virtual method 4698: Landroid/support/v4/app/FragmentActivity;.onReallyStop ()V
D/dalvikvm( 4283): VFY: replacing opcode 0x6f at 0x0d97
I/dalvikvm( 4283): Could not find method android.app.Activity.isVoiceInteraction, referenced from method com.yanshi.my36kr.activity.SplashActivity.access$super
W/dalvikvm( 4283): VFY: unable to resolve virtual method 132: Landroid/app/Activity;.isVoiceInteraction ()Z
D/dalvikvm( 4283): VFY: replacing opcode 0x6f at 0x0e07
I/dalvikvm( 4283): Could not find method android.app.Activity.requestVisibleBehind, referenced from method com.yanshi.my36kr.activity.SplashActivity.access$super
W/dalvikvm( 4283): VFY: unable to resolve virtual method 213: Landroid/app/Activity;.requestVisibleBehind (Z)Z
D/dalvikvm( 4283): VFY: replacing opcode 0x6f at 0x0e6c
I/dalvikvm( 4283): Could not find method android.app.Activity.shouldShowRequestPermissionRationale, referenced from method com.yanshi.my36kr.activity.SplashActivity.access$super
W/dalvikvm( 4283): VFY: unable to resolve virtual method 246: Landroid/app/Activity;.shouldShowRequestPermissionRationale (Ljava/lang/String;)Z
D/dalvikvm( 4283): VFY: replacing opcode 0x6f at 0x0e81
I/dalvikvm( 4283): Could not find method android.app.Activity.finishAndRemoveTask, referenced from method com.yanshi.my36kr.activity.SplashActivity.access$super
W/dalvikvm( 4283): VFY: unable to resolve virtual method 83: Landroid/app/Activity;.finishAndRemoveTask ()V
D/dalvikvm( 4283): VFY: replacing opcode 0x6f at 0x0ebe
I/dalvikvm( 4283): Could not find method android.content.Context.getColor, referenced from method com.yanshi.my36kr.activity.SplashActivity.access$super
W/dalvikvm( 4283): VFY: unable to resolve virtual method 652: Landroid/content/Context;.getColor (I)I
D/dalvikvm( 4283): VFY: replacing opcode 0x6f at 0x0f15
E/dalvikvm( 4283): Could not find class 'android.app.assist.AssistContent', referenced from method com.yanshi.my36kr.activity.SplashActivity.access$super
W/dalvikvm( 4283): VFY: unable to resolve check-cast 76 (Landroid/app/assist/AssistContent;) in Lcom/yanshi/my36kr/activity/SplashActivity;
D/dalvikvm( 4283): VFY: replacing opcode 0x1f at 0x0f87
I/dalvikvm( 4283): Could not find method android.app.Activity.finishAfterTransition, referenced from method com.yanshi.my36kr.activity.SplashActivity.access$super
W/dalvikvm( 4283): VFY: unable to resolve virtual method 82: Landroid/app/Activity;.finishAfterTransition ()V
D/dalvikvm( 4283): VFY: replacing opcode 0x6f at 0x0fab
I/dalvikvm( 4283): Could not find method android.app.Activity.getContentScene, referenced from method com.yanshi.my36kr.activity.SplashActivity.access$super
W/dalvikvm( 4283): VFY: unable to resolve virtual method 93: Landroid/app/Activity;.getContentScene ()Landroid/transition/Scene;
D/dalvikvm( 4283): VFY: replacing opcode 0x6f at 0x0fb1
E/dalvikvm( 4283): Could not find class 'android.view.SearchEvent', referenced from method com.yanshi.my36kr.activity.SplashActivity.access$super
W/dalvikvm( 4283): VFY: unable to resolve check-cast 2269 (Landroid/view/SearchEvent;) in Lcom/yanshi/my36kr/activity/SplashActivity;
D/dalvikvm( 4283): VFY: replacing opcode 0x1f at 0x10fe
W/dalvikvm( 4283): DexOpt: resolve class illegal access: Lcom/yanshi/my36kr/activity/SplashActivity; -> Landroid/support/v4/app/BaseFragmentActivityHoneycomb;
I/dalvikvm( 4283): Could not find method android.support.v4.app.BaseFragmentActivityHoneycomb.onCreateView, referenced from method com.yanshi.my36kr.activity.SplashActivity.access$super
W/dalvikvm( 4283): VFY: unable to resolve virtual method 4443: Landroid/support/v4/app/BaseFragmentActivityHoneycomb;.onCreateView (Landroid/view/View;Ljava/lang/String;Landroid/content/Context;Landroid/util/AttributeSet;)Landroid/view/View;
D/dalvikvm( 4283): VFY: replacing opcode 0x6f at 0x1129
I/dalvikvm( 4283): Could not find method android.app.Activity.startLockTask, referenced from method com.yanshi.my36kr.activity.SplashActivity.access$super
W/dalvikvm( 4283): VFY: unable to resolve virtual method 272: Landroid/app/Activity;.startLockTask ()V
D/dalvikvm( 4283): VFY: replacing opcode 0x6f at 0x11de
I/dalvikvm( 4283): Could not find method android.content.ContextWrapper.checkSelfPermission, referenced from method com.yanshi.my36kr.activity.SplashActivity.access$super
W/dalvikvm( 4283): VFY: unable to resolve virtual method 703: Landroid/content/ContextWrapper;.checkSelfPermission (Ljava/lang/String;)I
D/dalvikvm( 4283): VFY: replacing opcode 0x6f at 0x1251
E/dalvikvm( 4283): Could not find class 'android.os.PersistableBundle', referenced from method com.yanshi.my36kr.activity.SplashActivity.access$super
W/dalvikvm( 4283): VFY: unable to resolve check-cast 289 (Landroid/os/PersistableBundle;) in Lcom/yanshi/my36kr/activity/SplashActivity;
D/dalvikvm( 4283): VFY: replacing opcode 0x1f at 0x1355
I/dalvikvm( 4283): Could not find method android.app.Activity.startPostponedEnterTransition, referenced from method com.yanshi.my36kr.activity.SplashActivity.access$super
W/dalvikvm( 4283): VFY: unable to resolve virtual method 276: Landroid/app/Activity;.startPostponedEnterTransition ()V
D/dalvikvm( 4283): VFY: replacing opcode 0x6f at 0x1382
I/dalvikvm( 4283): Could not find method android.app.Activity.onEnterAnimationComplete, referenced from method com.yanshi.my36kr.activity.SplashActivity.access$super
W/dalvikvm( 4283): VFY: unable to resolve virtual method 163: Landroid/app/Activity;.onEnterAnimationComplete ()V
D/dalvikvm( 4283): VFY: replacing opcode 0x6f at 0x1437
D/MobileDataStateTracker(23226): default: setPolicyDataEnable(enabled=true)
I/dalvikvm( 4283): Could not find method android.content.Context.getSystemService, referenced from method com.yanshi.my36kr.activity.base.BaseActivity.access$super
W/dalvikvm( 4283): VFY: unable to resolve virtual method 674: Landroid/content/Context;.getSystemService (Ljava/lang/Class;)Ljava/lang/Object;
D/dalvikvm( 4283): VFY: replacing opcode 0x6f at 0x004b
I/dalvikvm( 4283): Could not find method android.app.Activity.stopLockTask, referenced from method com.yanshi.my36kr.activity.base.BaseActivity.access$super
W/dalvikvm( 4283): VFY: unable to resolve virtual method 278: Landroid/app/Activity;.stopLockTask ()V
D/dalvikvm( 4283): VFY: replacing opcode 0x6f at 0x00b9
E/dalvikvm( 4283): Could not find class 'android.os.PersistableBundle', referenced from method com.yanshi.my36kr.activity.base.BaseActivity.access$super
W/dalvikvm( 4283): VFY: unable to resolve check-cast 289 (Landroid/os/PersistableBundle;) in Lcom/yanshi/my36kr/activity/base/BaseActivity;
D/dalvikvm( 4283): VFY: replacing opcode 0x1f at 0x00f1
I/dalvikvm( 4283): Could not find method android.content.Context.getColorStateList, referenced from method com.yanshi.my36kr.activity.base.BaseActivity.access$super
W/dalvikvm( 4283): VFY: unable to resolve virtual method 653: Landroid/content/Context;.getColorStateList (I)Landroid/content/res/ColorStateList;
D/dalvikvm( 4283): VFY: replacing opcode 0x6f at 0x0101
I/dalvikvm( 4283): Could not find method android.app.Activity.onVisibleBehindCanceled, referenced from method com.yanshi.my36kr.activity.base.BaseActivity.access$super
W/dalvikvm( 4283): VFY: unable to resolve virtual method 198: Landroid/app/Activity;.onVisibleBehindCanceled ()V
D/dalvikvm( 4283): VFY: replacing opcode 0x6f at 0x0111
I/dalvikvm( 4283): Could not find method android.app.Activity.onWindowStartingActionMode, referenced from method com.yanshi.my36kr.activity.base.BaseActivity.access$super
W/dalvikvm( 4283): VFY: unable to resolve virtual method 202: Landroid/app/Activity;.onWindowStartingActionMode (Landroid/view/ActionMode$Callback;I)Landroid/view/ActionMode;
D/dalvikvm( 4283): VFY: replacing opcode 0x6f at 0x0137
E/dalvikvm( 4283): Could not find class 'android.os.PersistableBundle', referenced from method com.yanshi.my36kr.activity.base.BaseActivity.access$super
W/dalvikvm( 4283): VFY: unable to resolve check-cast 289 (Landroid/os/PersistableBundle;) in Lcom/yanshi/my36kr/activity/base/BaseActivity;
D/dalvikvm( 4283): VFY: replacing opcode 0x1f at 0x019a
E/dalvikvm( 4283): Could not find class 'android.media.session.MediaController', referenced from method com.yanshi.my36kr.activity.base.BaseActivity.access$super
W/dalvikvm( 4283): VFY: unable to resolve check-cast 237 (Landroid/media/session/MediaController;) in Lcom/yanshi/my36kr/activity/base/BaseActivity;
D/dalvikvm( 4283): VFY: replacing opcode 0x1f at 0x01b2
E/dalvikvm( 4283): Could not find class 'android.widget.Toolbar', referenced from method com.yanshi.my36kr.activity.base.BaseActivity.access$super
W/dalvikvm( 4283): VFY: unable to resolve check-cast 2453 (Landroid/widget/Toolbar;) in Lcom/yanshi/my36kr/activity/base/BaseActivity;
D/dalvikvm( 4283): VFY: replacing opcode 0x1f at 0x01bc
I/dalvikvm( 4283): Could not find method android.app.Activity.releaseInstance, referenced from method com.yanshi.my36kr.activity.base.BaseActivity.access$super
W/dalvikvm( 4283): VFY: unable to resolve virtual method 209: Landroid/app/Activity;.releaseInstance ()Z
D/dalvikvm( 4283): VFY: replacing opcode 0x6f at 0x02dd
I/dalvikvm( 4283): Could not find method android.app.Activity.onActivityReenter, referenced from method com.yanshi.my36kr.activity.base.BaseActivity.access$super
W/dalvikvm( 4283): VFY: unable to resolve virtual method 141: Landroid/app/Activity;.onActivityReenter (ILandroid/content/Intent;)V
D/dalvikvm( 4283): VFY: replacing opcode 0x6f at 0x02f4
I/dalvikvm( 4283): Could not find method android.content.ContextWrapper.getCodeCacheDir, referenced from method com.yanshi.my36kr.activity.base.BaseActivity.access$super
W/dalvikvm( 4283): VFY: unable to resolve virtual method 727: Landroid/content/ContextWrapper;.getCodeCacheDir ()Ljava/io/File;
D/dalvikvm( 4283): VFY: replacing opcode 0x6f at 0x0349
I/dalvikvm( 4283): DexOpt: illegal method access (call Landroid/support/v4/app/FragmentActivity;.dispatchFragmentsOnCreateView (Landroid/view/View;Ljava/lang/String;Landroid/content/Context;Landroid/util/AttributeSet;)Landroid/view/View; from Lcom/yanshi/my36kr/activity/base/BaseActivity;)
I/dalvikvm( 4283): Could not find method android.support.v4.app.FragmentActivity.dispatchFragmentsOnCreateView, referenced from method com.yanshi.my36kr.activity.base.BaseActivity.access$super
W/dalvikvm( 4283): VFY: unable to resolve virtual method 4660: Landroid/support/v4/app/FragmentActivity;.dispatchFragmentsOnCreateView (Landroid/view/View;Ljava/lang/String;Landroid/content/Context;Landroid/util/AttributeSet;)Landroid/view/View;
D/dalvikvm( 4283): VFY: replacing opcode 0x6f at 0x0432
I/dalvikvm( 4283): Could not find method android.app.Activity.getVoiceInteractor, referenced from method com.yanshi.my36kr.activity.base.BaseActivity.access$super
W/dalvikvm( 4283): VFY: unable to resolve virtual method 120: Landroid/app/Activity;.getVoiceInteractor ()Landroid/app/VoiceInteractor;
D/dalvikvm( 4283): VFY: replacing opcode 0x6f at 0x0490
E/dalvikvm( 4283): Could not find class 'android.app.ActivityManager$TaskDescription', referenced from method com.yanshi.my36kr.activity.base.BaseActivity.access$super
W/dalvikvm( 4283): VFY: unable to resolve check-cast 33 (Landroid/app/ActivityManager$TaskDescription;) in Lcom/yanshi/my36kr/activity/base/BaseActivity;
D/dalvikvm( 4283): VFY: replacing opcode 0x1f at 0x055b
I/dalvikvm( 4283): Could not find method android.app.Activity.startActionMode, referenced from method com.yanshi.my36kr.activity.base.BaseActivity.access$super
W/dalvikvm( 4283): VFY: unable to resolve virtual method 253: Landroid/app/Activity;.startActionMode (Landroid/view/ActionMode$Callback;I)Landroid/view/ActionMode;
D/dalvikvm( 4283): VFY: replacing opcode 0x6f at 0x0596
I/dalvikvm( 4283): Could not find method android.app.Activity.showAssist, referenced from method com.yanshi.my36kr.activity.base.BaseActivity.access$super
W/dalvikvm( 4283): VFY: unable to resolve virtual method 248: Landroid/app/Activity;.showAssist (Landroid/os/Bundle;)Z
D/dalvikvm( 4283): VFY: replacing opcode 0x6f at 0x05d8
I/dalvikvm( 4283): Could not find method android.app.Activity.postponeEnterTransition, referenced from method com.yanshi.my36kr.activity.base.BaseActivity.access$super
W/dalvikvm( 4283): VFY: unable to resolve virtual method 206: Landroid/app/Activity;.postponeEnterTransition ()V
D/dalvikvm( 4283): VFY: replacing opcode 0x6f at 0x05e3
I/dalvikvm( 4283): Could not find method android.content.ContextWrapper.getNoBackupFilesDir, referenced from method com.yanshi.my36kr.activity.base.BaseActivity.access$super
W/dalvikvm( 4283): VFY: unable to resolve virtual method 739: Landroid/content/ContextWrapper;.getNoBackupFilesDir ()Ljava/io/File;
D/dalvikvm( 4283): VFY: replacing opcode 0x6f at 0x0672
I/dalvikvm( 4283): Could not find method android.app.Activity.requestPermissions, referenced from method com.yanshi.my36kr.activity.base.BaseActivity.access$super
W/dalvikvm( 4283): VFY: unable to resolve virtual method 212: Landroid/app/Activity;.requestPermissions ([Ljava/lang/String;I)V
D/dalvikvm( 4283): VFY: replacing opcode 0x6f at 0x0787
E/dalvikvm( 4283): Could not find class 'android.app.SharedElementCallback', referenced from method com.yanshi.my36kr.activity.base.BaseActivity.access$super
W/dalvikvm( 4283): VFY: unable to resolve check-cast 71 (Landroid/app/SharedElementCallback;) in Lcom/yanshi/my36kr/activity/base/BaseActivity;
D/dalvikvm( 4283): VFY: replacing opcode 0x1f at 0x07a1
E/dalvikvm( 4283): Could not find class 'android.os.PersistableBundle', referenced from method com.yanshi.my36kr.activity.base.BaseActivity.access$super
W/dalvikvm( 4283): VFY: unable to resolve check-cast 289 (Landroid/os/PersistableBundle;) in Lcom/yanshi/my36kr/activity/base/BaseActivity;
D/dalvikvm( 4283): VFY: replacing opcode 0x1f at 0x07e8
W/dalvikvm( 4283): DexOpt: resolve class illegal access: Lcom/yanshi/my36kr/activity/base/BaseActivity; -> Landroid/support/v4/app/BaseFragmentActivityDonut;
I/dalvikvm( 4283): Could not find method android.support.v4.app.BaseFragmentActivityDonut.onCreateView, referenced from method com.yanshi.my36kr.activity.base.BaseActivity.access$super
W/dalvikvm( 4283): VFY: unable to resolve virtual method 4436: Landroid/support/v4/app/BaseFragmentActivityDonut;.onCreateView (Ljava/lang/String;Landroid/content/Context;Landroid/util/AttributeSet;)Landroid/view/View;
D/dalvikvm( 4283): VFY: replacing opcode 0x6f at 0x082c
I/dalvikvm( 4283): Could not find method android.app.Activity.setContentTransitionManager, referenced from method com.yanshi.my36kr.activity.base.BaseActivity.access$super
W/dalvikvm( 4283): VFY: unable to resolve virtual method 217: Landroid/app/Activity;.setContentTransitionManager (Landroid/transition/TransitionManager;)V
D/dalvikvm( 4283): VFY: replacing opcode 0x6f at 0x0940
I/dalvikvm( 4283): Could not find method android.app.Activity.onProvideReferrer, referenced from method com.yanshi.my36kr.activity.base.BaseActivity.access$super
W/dalvikvm( 4283): VFY: unable to resolve virtual method 182: Landroid/app/Activity;.onProvideReferrer ()Landroid/net/Uri;
D/dalvikvm( 4283): VFY: replacing opcode 0x6f at 0x097e
I/dalvikvm( 4283): DexOpt: illegal method access (call Landroid/support/v4/app/FragmentActivity;.doReallyStop (Z)V from Lcom/yanshi/my36kr/activity/base/BaseActivity;)
I/dalvikvm( 4283): Could not find method android.support.v4.app.FragmentActivity.doReallyStop, referenced from method com.yanshi.my36kr.activity.base.BaseActivity.access$super
W/dalvikvm( 4283): VFY: unable to resolve virtual method 4662: Landroid/support/v4/app/FragmentActivity;.doReallyStop (Z)V
D/dalvikvm( 4283): VFY: replacing opcode 0x6f at 0x09ab
I/dalvikvm( 4283): Could not find method android.content.Context.getDrawable, referenced from method com.yanshi.my36kr.activity.base.BaseActivity.access$super
W/dalvikvm( 4283): VFY: unable to resolve virtual method 657: Landroid/content/Context;.getDrawable (I)Landroid/graphics/drawable/Drawable;
D/dalvikvm( 4283): VFY: replacing opcode 0x6f at 0x09f5
I/dalvikvm( 4283): Could not find method android.app.Activity.showLockTaskEscapeMessage, referenced from method com.yanshi.my36kr.activity.base.BaseActivity.access$super
W/dalvikvm( 4283): VFY: unable to resolve virtual method 251: Landroid/app/Activity;.showLockTaskEscapeMessage ()V
D/dalvikvm( 4283): VFY: replacing opcode 0x6f at 0x0a05
I/dalvikvm( 4283): Could not find method android.app.Activity.getContentTransitionManager, referenced from method com.yanshi.my36kr.activity.base.BaseActivity.access$super
W/dalvikvm( 4283): VFY: unable to resolve virtual method 94: Landroid/app/Activity;.getContentTransitionManager ()Landroid/transition/TransitionManager;
D/dalvikvm( 4283): VFY: replacing opcode 0x6f at 0x0a0b
E/dalvikvm( 4283): Could not find class 'android.app.SharedElementCallback', referenced from method com.yanshi.my36kr.activity.base.BaseActivity.access$super
W/dalvikvm( 4283): VFY: unable to resolve check-cast 71 (Landroid/app/SharedElementCallback;) in Lcom/yanshi/my36kr/activity/base/BaseActivity;
D/dalvikvm( 4283): VFY: replacing opcode 0x1f at 0x0ac7
I/dalvikvm( 4283): Could not find method android.app.Activity.getReferrer, referenced from method com.yanshi.my36kr.activity.base.BaseActivity.access$super
W/dalvikvm( 4283): VFY: unable to resolve virtual method 109: Landroid/app/Activity;.getReferrer ()Landroid/net/Uri;
D/dalvikvm( 4283): VFY: replacing opcode 0x6f at 0x0b3b
I/dalvikvm( 4283): Could not find method android.content.ContextWrapper.getSystemServiceName, referenced from method com.yanshi.my36kr.activity.base.BaseActivity.access$super
W/dalvikvm( 4283): VFY: unable to resolve virtual method 749: Landroid/content/ContextWrapper;.getSystemServiceName (Ljava/lang/Class;)Ljava/lang/String;
D/dalvikvm( 4283): VFY: replacing opcode 0x6f at 0x0bb8
I/dalvikvm( 4283): Could not find method android.app.Activity.isVoiceInteractionRoot, referenced from method com.yanshi.my36kr.activity.base.BaseActivity.access$super
W/dalvikvm( 4283): VFY: unable to resolve virtual method 133: Landroid/app/Activity;.isVoiceInteractionRoot ()Z
D/dalvikvm( 4283): VFY: replacing opcode 0x6f at 0x0be0
I/dalvikvm( 4283): Could not find method android.content.ContextWrapper.getExternalMediaDirs, referenced from method com.yanshi.my36kr.activity.base.BaseActivity.access$super
W/dalvikvm( 4283): VFY: unable to resolve virtual method 735: Landroid/content/ContextWrapper;.getExternalMediaDirs ()[Ljava/io/File;
D/dalvikvm( 4283): VFY: replacing opcode 0x6f at 0x0c68
I/dalvikvm( 4283): Could not find method android.app.Activity.getMediaController, referenced from method com.yanshi.my36kr.activity.base.BaseActivity.access$super
W/dalvikvm( 4283): VFY: unable to resolve virtual method 103: Landroid/app/Activity;.getMediaController ()Landroid/media/session/MediaController;
D/dalvikvm( 4283): VFY: replacing opcode 0x6f at 0x0cac
I/dalvikvm( 4283): Could not find method android.app.Activity.getSearchEvent, referenced from method com.yanshi.my36kr.activity.base.BaseActivity.access$super
W/dalvikvm( 4283): VFY: unable to resolve virtual method 112: Landroid/app/Activity;.getSearchEvent ()Landroid/view/SearchEvent;
D/dalvikvm( 4283): VFY: replacing opcode 0x6f at 0x0d2b
I/dalvikvm( 4283): DexOpt: illegal method access (call Landroid/support/v4/app/FragmentActivity;.onReallyStop ()V from Lcom/yanshi/my36kr/activity/base/BaseActivity;)
I/dalvikvm( 4283): Could not find method android.support.v4.app.FragmentActivity.onReallyStop, referenced from method com.yanshi.my36kr.activity.base.BaseActivity.access$super
W/dalvikvm( 4283): VFY: unable to resolve virtual method 4698: Landroid/support/v4/app/FragmentActivity;.onReallyStop ()V
D/dalvikvm( 4283): VFY: replacing opcode 0x6f at 0x0d6b
I/dalvikvm( 4283): Could not find method android.app.Activity.isVoiceInteraction, referenced from method com.yanshi.my36kr.activity.base.BaseActivity.access$super
W/dalvikvm( 4283): VFY: unable to resolve virtual method 132: Landroid/app/Activity;.isVoiceInteraction ()Z
D/dalvikvm( 4283): VFY: replacing opcode 0x6f at 0x0ddb
I/dalvikvm( 4283): Could not find method android.app.Activity.requestVisibleBehind, referenced from method com.yanshi.my36kr.activity.base.BaseActivity.access$super
W/dalvikvm( 4283): VFY: unable to resolve virtual method 213: Landroid/app/Activity;.requestVisibleBehind (Z)Z
D/dalvikvm( 4283): VFY: replacing opcode 0x6f at 0x0e40
I/dalvikvm( 4283): Could not find method android.app.Activity.shouldShowRequestPermissionRationale, referenced from method com.yanshi.my36kr.activity.base.BaseActivity.access$super
W/dalvikvm( 4283): VFY: unable to resolve virtual method 246: Landroid/app/Activity;.shouldShowRequestPermissionRationale (Ljava/lang/String;)Z
D/dalvikvm( 4283): VFY: replacing opcode 0x6f at 0x0e55
I/dalvikvm( 4283): Could not find method android.app.Activity.finishAndRemoveTask, referenced from method com.yanshi.my36kr.activity.base.BaseActivity.access$super
W/dalvikvm( 4283): VFY: unable to resolve virtual method 83: Landroid/app/Activity;.finishAndRemoveTask ()V
D/dalvikvm( 4283): VFY: replacing opcode 0x6f at 0x0e92
I/dalvikvm( 4283): Could not find method android.content.Context.getColor, referenced from method com.yanshi.my36kr.activity.base.BaseActivity.access$super
W/dalvikvm( 4283): VFY: unable to resolve virtual method 652: Landroid/content/Context;.getColor (I)I
D/dalvikvm( 4283): VFY: replacing opcode 0x6f at 0x0ee9
E/dalvikvm( 4283): Could not find class 'android.app.assist.AssistContent', referenced from method com.yanshi.my36kr.activity.base.BaseActivity.access$super
W/dalvikvm( 4283): VFY: unable to resolve check-cast 76 (Landroid/app/assist/AssistContent;) in Lcom/yanshi/my36kr/activity/base/BaseActivity;
D/dalvikvm( 4283): VFY: replacing opcode 0x1f at 0x0f5b
I/dalvikvm( 4283): Could not find method android.app.Activity.finishAfterTransition, referenced from method com.yanshi.my36kr.activity.base.BaseActivity.access$super
W/dalvikvm( 4283): VFY: unable to resolve virtual method 82: Landroid/app/Activity;.finishAfterTransition ()V
D/dalvikvm( 4283): VFY: replacing opcode 0x6f at 0x0f7f
I/dalvikvm( 4283): Could not find method android.app.Activity.getContentScene, referenced from method com.yanshi.my36kr.activity.base.BaseActivity.access$super
W/dalvikvm( 4283): VFY: unable to resolve virtual method 93: Landroid/app/Activity;.getContentScene ()Landroid/transition/Scene;
D/dalvikvm( 4283): VFY: replacing opcode 0x6f at 0x0f85
E/dalvikvm( 4283): Could not find class 'android.view.SearchEvent', referenced from method com.yanshi.my36kr.activity.base.BaseActivity.access$super
W/dalvikvm( 4283): VFY: unable to resolve check-cast 2269 (Landroid/view/SearchEvent;) in Lcom/yanshi/my36kr/activity/base/BaseActivity;
D/dalvikvm( 4283): VFY: replacing opcode 0x1f at 0x10d2
W/dalvikvm( 4283): DexOpt: resolve class illegal access: Lcom/yanshi/my36kr/activity/base/BaseActivity; -> Landroid/support/v4/app/BaseFragmentActivityHoneycomb;
I/dalvikvm( 4283): Could not find method android.support.v4.app.BaseFragmentActivityHoneycomb.onCreateView, referenced from method com.yanshi.my36kr.activity.base.BaseActivity.access$super
W/dalvikvm( 4283): VFY: unable to resolve virtual method 4443: Landroid/support/v4/app/BaseFragmentActivityHoneycomb;.onCreateView (Landroid/view/View;Ljava/lang/String;Landroid/content/Context;Landroid/util/AttributeSet;)Landroid/view/View;
D/dalvikvm( 4283): VFY: replacing opcode 0x6f at 0x10fd
I/dalvikvm( 4283): Could not find method android.app.Activity.startLockTask, referenced from method com.yanshi.my36kr.activity.base.BaseActivity.access$super
W/dalvikvm( 4283): VFY: unable to resolve virtual method 272: Landroid/app/Activity;.startLockTask ()V
D/dalvikvm( 4283): VFY: replacing opcode 0x6f at 0x11b2
I/dalvikvm( 4283): Could not find method android.content.ContextWrapper.checkSelfPermission, referenced from method com.yanshi.my36kr.activity.base.BaseActivity.access$super
W/dalvikvm( 4283): VFY: unable to resolve virtual method 703: Landroid/content/ContextWrapper;.checkSelfPermission (Ljava/lang/String;)I
D/dalvikvm( 4283): VFY: replacing opcode 0x6f at 0x1225
E/dalvikvm( 4283): Could not find class 'android.os.PersistableBundle', referenced from method com.yanshi.my36kr.activity.base.BaseActivity.access$super
W/dalvikvm( 4283): VFY: unable to resolve check-cast 289 (Landroid/os/PersistableBundle;) in Lcom/yanshi/my36kr/activity/base/BaseActivity;
D/dalvikvm( 4283): VFY: replacing opcode 0x1f at 0x1329
I/dalvikvm( 4283): Could not find method android.app.Activity.startPostponedEnterTransition, referenced from method com.yanshi.my36kr.activity.base.BaseActivity.access$super
W/dalvikvm( 4283): VFY: unable to resolve virtual method 276: Landroid/app/Activity;.startPostponedEnterTransition ()V
D/dalvikvm( 4283): VFY: replacing opcode 0x6f at 0x1356
I/dalvikvm( 4283): Could not find method android.app.Activity.onEnterAnimationComplete, referenced from method com.yanshi.my36kr.activity.base.BaseActivity.access$super
W/dalvikvm( 4283): VFY: unable to resolve virtual method 163: Landroid/app/Activity;.onEnterAnimationComplete ()V
D/dalvikvm( 4283): VFY: replacing opcode 0x6f at 0x140b
W/dalvikvm( 4283): VFY: unable to find class referenced in signature (Landroid/view/SearchEvent;)
I/dalvikvm( 4283): Could not find method android.view.Window$Callback.onSearchRequested, referenced from method android.support.v7.view.WindowCallbackWrapper.onSearchRequested
W/dalvikvm( 4283): VFY: unable to resolve interface method 20312: Landroid/view/Window$Callback;.onSearchRequested (Landroid/view/SearchEvent;)Z
D/dalvikvm( 4283): VFY: replacing opcode 0x72 at 0x0002
I/dalvikvm( 4283): Could not find method android.view.Window$Callback.onWindowStartingActionMode, referenced from method android.support.v7.view.WindowCallbackWrapper.onWindowStartingActionMode
W/dalvikvm( 4283): VFY: unable to resolve interface method 20316: Landroid/view/Window$Callback;.onWindowStartingActionMode (Landroid/view/ActionMode$Callback;I)Landroid/view/ActionMode;
D/dalvikvm( 4283): VFY: replacing opcode 0x72 at 0x0002
D/MobileDataStateTracker(23226): default: setPolicyDataEnable(enabled=true)
D/dalvikvm( 4283): GC_CONCURRENT freed 283K, 10% free 3257K/3616K, paused 2ms+6ms, total 12ms
D/dalvikvm( 4283): GC_FOR_ALLOC freed 45K, 9% free 3313K/3616K, paused 2ms, total 7ms
I/dalvikvm-heap( 4283): Grow heap (frag case) to 3.645MB for 356412-byte allocation
D/dalvikvm( 4283): GC_FOR_ALLOC freed <1K, 8% free 3661K/3968K, paused 3ms, total 3ms
I/dalvikvm( 4283): Could not find method android.content.res.TypedArray.getChangingConfigurations, referenced from method android.support.v7.widget.TintTypedArray.getChangingConfigurations
W/dalvikvm( 4283): VFY: unable to resolve virtual method 965: Landroid/content/res/TypedArray;.getChangingConfigurations ()I
D/dalvikvm( 4283): VFY: replacing opcode 0x6e at 0x0002
I/dalvikvm( 4283): Could not find method android.content.res.TypedArray.getType, referenced from method android.support.v7.widget.TintTypedArray.getType
W/dalvikvm( 4283): VFY: unable to resolve virtual method 987: Landroid/content/res/TypedArray;.getType (I)I
D/dalvikvm( 4283): VFY: replacing opcode 0x6e at 0x0002
D/libEGL  ( 4283): loaded /system/lib/egl/libEGL_genymotion.so
D/        ( 4283): HostConnection::get() New Host Connection established 0xb8d72ac0, tid 4283
D/libEGL  ( 4283): loaded /system/lib/egl/libGLESv1_CM_genymotion.so
D/libEGL  ( 4283): loaded /system/lib/egl/libGLESv2_genymotion.so
W/EGL_genymotion( 4283): eglSurfaceAttrib not implemented
E/OpenGLRenderer( 4283): Getting MAX_TEXTURE_SIZE from GradienCache
E/OpenGLRenderer( 4283): MAX_TEXTURE_SIZE: 16384
E/OpenGLRenderer( 4283): Getting MAX_TEXTURE_SIZE from Caches::initConstraints()
E/OpenGLRenderer( 4283): MAX_TEXTURE_SIZE: 16384
D/OpenGLRenderer( 4283): Enabling debug mode 0
I/ActivityManager(23226): Displayed com.yanshi.my36kr/.activity.SplashActivity: +363ms
I/ActivityManager(23226): START u0 {cmp=com.yanshi.my36kr/.activity.MainActivity} from pid 4283
I/dalvikvm( 4283): Could not find method android.content.Context.getSystemService, referenced from method com.yanshi.my36kr.activity.MainActivity.access$super
W/dalvikvm( 4283): VFY: unable to resolve virtual method 674: Landroid/content/Context;.getSystemService (Ljava/lang/Class;)Ljava/lang/Object;
D/dalvikvm( 4283): VFY: replacing opcode 0x6f at 0x004b
I/dalvikvm( 4283): Could not find method android.app.Activity.stopLockTask, referenced from method com.yanshi.my36kr.activity.MainActivity.access$super
W/dalvikvm( 4283): VFY: unable to resolve virtual method 278: Landroid/app/Activity;.stopLockTask ()V
D/dalvikvm( 4283): VFY: replacing opcode 0x6f at 0x00b9
E/dalvikvm( 4283): Could not find class 'android.os.PersistableBundle', referenced from method com.yanshi.my36kr.activity.MainActivity.access$super
W/dalvikvm( 4283): VFY: unable to resolve check-cast 289 (Landroid/os/PersistableBundle;) in Lcom/yanshi/my36kr/activity/MainActivity;
D/dalvikvm( 4283): VFY: replacing opcode 0x1f at 0x00f1
I/dalvikvm( 4283): Could not find method android.content.Context.getColorStateList, referenced from method com.yanshi.my36kr.activity.MainActivity.access$super
W/dalvikvm( 4283): VFY: unable to resolve virtual method 653: Landroid/content/Context;.getColorStateList (I)Landroid/content/res/ColorStateList;
D/dalvikvm( 4283): VFY: replacing opcode 0x6f at 0x0101
